
[96m‚îè‚îÅ‚îÅ‚îÅ‚îÅ‚îÅ‚îÅ‚îÅ‚îÅ‚îÅ‚îÅ‚îÅ‚îÅ‚îÅ‚îÅ‚îÅ‚îÅ‚îÅ‚îÅ‚îÅ‚îÅ‚îÅ‚îÅ‚îÅ‚îÅ‚îÅ‚îÅ‚îÅ‚îÅ‚îÅ‚îÅ‚îÅ‚îÅ‚îÅ‚îÅ‚îÅ‚îÅ‚îÅ‚îÅ‚îÅ‚îÅ‚îÅ‚îÅ‚îÅ‚îÅ‚îÅ‚îÅ‚îÅ‚îÅ‚îÅ‚îÅ‚îÅ‚îÅ‚îÅ‚îÅ‚îÅ‚îÅ‚îÅ‚îÅ‚îì[0m
[96m‚îÉ[0m [1m[93m              DAG Mode - CVE Reproduction               [0m [96m‚îÉ[0m
[96m‚î£‚îÅ‚îÅ‚îÅ‚îÅ‚îÅ‚îÅ‚îÅ‚îÅ‚îÅ‚îÅ‚îÅ‚îÅ‚îÅ‚îÅ‚îÅ‚îÅ‚îÅ‚îÅ‚îÅ‚îÅ‚îÅ‚îÅ‚îÅ‚îÅ‚îÅ‚îÅ‚îÅ‚îÅ‚îÅ‚îÅ‚îÅ‚îÅ‚îÅ‚îÅ‚îÅ‚îÅ‚îÅ‚îÅ‚îÅ‚îÅ‚îÅ‚îÅ‚îÅ‚îÅ‚îÅ‚îÅ‚îÅ‚îÅ‚îÅ‚îÅ‚îÅ‚îÅ‚îÅ‚îÅ‚îÅ‚îÅ‚îÅ‚îÅ‚î´[0m
[96m‚îÉ[0m  [1mCVE ID        :[0m [92mCVE-2024-6782                          [0m [96m‚îÉ[0m
[96m‚îÉ[0m  [1mProfile       :[0m [92mweb-basic                              [0m [96m‚îÉ[0m
[96m‚îÉ[0m  [1mBrowser Engine:[0m [92mplaywright                             [0m [96m‚îÉ[0m
[96m‚îÉ[0m  [1mStart Time    :[0m [92m2025-12-24 09:50:06                    [0m [96m‚îÉ[0m
[96m‚îÉ[0m  [1mModel         :[0m [92mgpt-4o-mini                            [0m [96m‚îÉ[0m
[96m‚îó‚îÅ‚îÅ‚îÅ‚îÅ‚îÅ‚îÅ‚îÅ‚îÅ‚îÅ‚îÅ‚îÅ‚îÅ‚îÅ‚îÅ‚îÅ‚îÅ‚îÅ‚îÅ‚îÅ‚îÅ‚îÅ‚îÅ‚îÅ‚îÅ‚îÅ‚îÅ‚îÅ‚îÅ‚îÅ‚îÅ‚îÅ‚îÅ‚îÅ‚îÅ‚îÅ‚îÅ‚îÅ‚îÅ‚îÅ‚îÅ‚îÅ‚îÅ‚îÅ‚îÅ‚îÅ‚îÅ‚îÅ‚îÅ‚îÅ‚îÅ‚îÅ‚îÅ‚îÅ‚îÅ‚îÅ‚îÅ‚îÅ‚îÅ‚îõ[0m

üßπ Cleaned 0 items from simulation_environments
üîç Vulnerability classified as: web-basic
üìã Required capabilities: InfoGenerator, PreReqAnalyzer, EnvironmentDeployer, BrowserProvisioner, WebExploiter, WebVerifier
üí° Confidence: 0.75

üéØ Target URL: http://localhost:9600
   (default, will auto-deploy if needed)

üìù Execution plan generated with 7 steps:

  - collect-info: InfoGenerator (depends on: cve_id, cve_entry)
  - analyze-prereqs: PreReqAnalyzer (depends on: cve_knowledge, cve_entry)
  - deploy-env: EnvironmentDeployer (depends on: cve_id, cve_knowledge, cve_entry, prerequisites)
  - health-check: HealthCheck (depends on: build_result)
  - browser-provision: BrowserProvisioner (depends on: build_result)
  - exploit-web: WebExploiter (depends on: browser_config, cve_knowledge, cve_id)
  - verify-web: WebVerifier (depends on: web_exploit_result)

[KnowledgeBuilder] üîç Analyzing deployment strategy...
[DeploymentAnalyzer] Analyzing CVE-2024-6782...
[DeploymentAnalyzer] Strategy: source_code (confidence: 0.8)
[DeploymentAnalyzer] Repository: https://github.com/kovidgoyal/calibre
[DeploymentAnalyzer] Notes: ‰ªé GitHub Ê∫êÁ†ÅÈÉ®ÁΩ≤„ÄÇËØ≠Ë®Ä: Êú™Áü•, ÊûÑÂª∫Â∑•ÂÖ∑: Êú™Áü•
[KnowledgeBuilder] ‚úÖ Deployment strategy: source_code
[KnowledgeBuilder] üì¶ Repository: https://github.com/kovidgoyal/calibre
[33m[WARNING] [EventDumper] Recording llm event cost: {'prompt_cost': 0.00040184999999999993, 'completion_cost': 0.0007134, 'total_cost': 0.00111525, 'tcpm': 1115.25} for gpt-4o-mini... 0 -> 1115.25[0m
[33m[WARNING] [KnowledgeBuilder] ================= {}[0m
[KnowledgeBuilder] ‚úÖ Deployment strategy appended to cve_knowledge
[PreReqBuilder] No dir_tree available, using smart inference
[PreReqBuilder] Inferred prerequisites: Web application vulnerability in v7.14.0.
This is a web-based CVE that requires deploying a web appl...
[WebAppDeployer] Deploying web application...
[WebAppDeployer] Software version: v7.14.0

[WebAppDeployer] üîç Checking Vulhub/Vulfocus for pre-built environment...
[Vulhub] Loaded index with 265 CVEs
[Vulfocus] Loaded index with 81 images
[VulnEnvManager] ‚ùå CVE-2024-6782 not found in any source
[WebAppDeployer] ‚ÑπÔ∏è No pre-built environment found, using custom deployment

[WebAppDeployer] üìç Port from CVE knowledge: 8080
[WebAppDeployer] üéØ Target URL: http://localhost:8080
[WebAppDeployer] Stage 1: Project Setup
[33m[WARNING] [EventDumper] Recording llm event cost: {'prompt_cost': 0.0001146, 'completion_cost': 5.04e-05, 'total_cost': 0.000165, 'tcpm': 165.0} for gpt-4o-mini... 1115.25 -> 1280.25[0m
[33m[WARNING] [ProjectSetupAgent] ================= {}[0m
[WebAppDeployer] Stage 1 Result: False
[WebAppDeployer] ‚ö†Ô∏è Project setup failed, trying fallback...
[WebAppDeployer] Stage 2: Service Start
[33m[WARNING] [EventDumper] Recording llm event cost: {'prompt_cost': 5.1899999999999994e-05, 'completion_cost': 0.0001434, 'total_cost': 0.0001953, 'tcpm': 195.3} for gpt-4o-mini... 1280.25 -> 1475.55[0m
[33m[WARNING] [ServiceStartAgent] ================= {}[0m
[WebAppDeployer] Stage 2 Result: False
[WebAppDeployer] ‚úÖ Service is responding (HTTP 404)
[HealthCheck] Checking service on localhost:8080
[HealthCheck] Deployment method: agent-pipeline, Framework: generic
[HealthCheck] ‚úÖ ÊúçÂä°ÂÅ•Â∫∑ (3/3 Ê£ÄÊü•ÈÄöËøá)
[HealthCheck] HTTP 404 -> Healthy: True
[Browser] ‚úÖ Using deployed URL from build_result: http://localhost:8080
‚è≥ Waiting for service at http://localhost:8080 (timeout: 60s)...
‚úÖ Service ready! HTTP 404 after 0.0s
[Browser] Configuring browser environment: selenium
[Browser] Target URL: http://localhost:8080
[Browser] Environment ready
[WebExploiter] ‚úÖ Using target_url from browser_config: http://localhost:8080
[WebExploiter] üéØ Target: http://localhost:8080
[WebExploiter] üìã Attack Type: web
[WebExploiter] üìã CVE Knowledge: # CVE Report: CVE-2024-6782

## Summary
CVE-2024-6782 is a critical vulnerability identified in Calibre versions 6.9.0 through 7.14.0, which allows unauthenticated attackers to achieve remote code execution through improper access control mechanisms. The vulnerability is classified under CWE-863, in...
[WebExploiter] ü§ñ Invoking WebDriverAgent (LLM-based exploitation)...


[1m> Entering new ExceptionHandlingAgentExecutor chain...[0m
[32;1m[1;3mnavigate_to_url("http://localhost:8080")[0m

[1m> Finished chain.[0m
‚ö†Ô∏è No XML tags found, inferred success=no (score: +0/-0)
[33m[WARNING] [EventDumper] Recording llm event cost: {'prompt_cost': 0.00044789999999999994, 'completion_cost': 6.5999999999999995e-06, 'total_cost': 0.0004545, 'tcpm': 454.5} for gpt-4o-mini... 1475.55 -> 1930.05[0m
[33m[WARNING] [WebDriverAgent] ================= {}[0m
[WebExploiter] üì§ Agent Result: {'success': 'no', 'exploit': 'navigate_to_url("http://localhost:8080")', 'poc': 'See exploit steps above', 'evidence': 'Inferred from output (success indicators: 0, failure indicators: 0)'}
[WebExploiter] ‚ö†Ô∏è Exploit may have failed or result unclear
[PlaywrightVerifier] ‚ùå Verification FAILED

============================================================
ERROR: Step verify-web execution failed: Step verify-web failed success condition: verification_result.success == True
Traceback (most recent call last):
  File "/workspaces/submission/src/planner/executor.py", line 255, in _execute_step
    raise StepExecutionError(f"Step {step.id} failed success condition: {step.success_condition}")
planner.executor.StepExecutionError: Step verify-web failed success condition: verification_result.success == True

The above exception was the direct cause of the following exception:

Traceback (most recent call last):
  File "/workspaces/submission/src/main.py", line 1177, in <module>
    success = executor.execute()
  File "/workspaces/submission/src/planner/executor.py", line 120, in execute
    self._execute_step(step)
  File "/workspaces/submission/src/planner/executor.py", line 267, in _execute_step
    raise StepExecutionError(
planner.executor.StepExecutionError: Step verify-web execution failed: Step verify-web failed success condition: verification_result.success == True
============================================================
