
[96m‚îè‚îÅ‚îÅ‚îÅ‚îÅ‚îÅ‚îÅ‚îÅ‚îÅ‚îÅ‚îÅ‚îÅ‚îÅ‚îÅ‚îÅ‚îÅ‚îÅ‚îÅ‚îÅ‚îÅ‚îÅ‚îÅ‚îÅ‚îÅ‚îÅ‚îÅ‚îÅ‚îÅ‚îÅ‚îÅ‚îÅ‚îÅ‚îÅ‚îÅ‚îÅ‚îÅ‚îÅ‚îÅ‚îÅ‚îÅ‚îÅ‚îÅ‚îÅ‚îÅ‚îÅ‚îÅ‚îÅ‚îÅ‚îÅ‚îÅ‚îÅ‚îÅ‚îÅ‚îÅ‚îÅ‚îÅ‚îÅ‚îÅ‚îÅ‚îì[0m
[96m‚îÉ[0m [1m[93m              DAG Mode - CVE Reproduction               [0m [96m‚îÉ[0m
[96m‚î£‚îÅ‚îÅ‚îÅ‚îÅ‚îÅ‚îÅ‚îÅ‚îÅ‚îÅ‚îÅ‚îÅ‚îÅ‚îÅ‚îÅ‚îÅ‚îÅ‚îÅ‚îÅ‚îÅ‚îÅ‚îÅ‚îÅ‚îÅ‚îÅ‚îÅ‚îÅ‚îÅ‚îÅ‚îÅ‚îÅ‚îÅ‚îÅ‚îÅ‚îÅ‚îÅ‚îÅ‚îÅ‚îÅ‚îÅ‚îÅ‚îÅ‚îÅ‚îÅ‚îÅ‚îÅ‚îÅ‚îÅ‚îÅ‚îÅ‚îÅ‚îÅ‚îÅ‚îÅ‚îÅ‚îÅ‚îÅ‚îÅ‚îÅ‚î´[0m
[96m‚îÉ[0m  [1mCVE ID        :[0m [92mCVE-2025-29927                         [0m [96m‚îÉ[0m
[96m‚îÉ[0m  [1mProfile       :[0m [92mweb-basic                              [0m [96m‚îÉ[0m
[96m‚îÉ[0m  [1mBrowser Engine:[0m [92mplaywright                             [0m [96m‚îÉ[0m
[96m‚îÉ[0m  [1mStart Time    :[0m [92m2025-12-10 08:27:00                    [0m [96m‚îÉ[0m
[96m‚îÉ[0m  [1mModel         :[0m [92mgpt-4o-mini                            [0m [96m‚îÉ[0m
[96m‚îó‚îÅ‚îÅ‚îÅ‚îÅ‚îÅ‚îÅ‚îÅ‚îÅ‚îÅ‚îÅ‚îÅ‚îÅ‚îÅ‚îÅ‚îÅ‚îÅ‚îÅ‚îÅ‚îÅ‚îÅ‚îÅ‚îÅ‚îÅ‚îÅ‚îÅ‚îÅ‚îÅ‚îÅ‚îÅ‚îÅ‚îÅ‚îÅ‚îÅ‚îÅ‚îÅ‚îÅ‚îÅ‚îÅ‚îÅ‚îÅ‚îÅ‚îÅ‚îÅ‚îÅ‚îÅ‚îÅ‚îÅ‚îÅ‚îÅ‚îÅ‚îÅ‚îÅ‚îÅ‚îÅ‚îÅ‚îÅ‚îÅ‚îÅ‚îõ[0m

üßπ Cleaned 0 items from simulation_environments
üîç Vulnerability classified as: web-basic
üìã Required capabilities: InfoGenerator, PreReqAnalyzer, EnvironmentDeployer, BrowserProvisioner, WebExploiter, WebVerifier
üí° Confidence: 0.85

üéØ Target URL: http://localhost:9600
   (default, will auto-deploy if needed)

üìù Execution plan generated with 7 steps:

  - collect-info: InfoGenerator (depends on: cve_id, cve_entry)
  - analyze-prereqs: PreReqAnalyzer (depends on: cve_knowledge, cve_entry)
  - deploy-env: EnvironmentDeployer (depends on: cve_id, cve_knowledge, cve_entry, prerequisites)
  - health-check: HealthCheck (depends on: build_result)
  - browser-provision: BrowserProvisioner (depends on: build_result)
  - exploit-web: WebExploiter (depends on: browser_config, cve_knowledge)
  - verify-web: WebVerifier (depends on: web_exploit_result)

[KnowledgeBuilder] üîç Analyzing deployment strategy...
[DeploymentAnalyzer] Analyzing CVE-2025-29927...
[DeploymentAnalyzer] Strategy: source_code (confidence: 0.8)
[DeploymentAnalyzer] Repository: https://github.com/vercel/next.js
[DeploymentAnalyzer] Notes: ‰ªé GitHub Ê∫êÁ†ÅÈÉ®ÁΩ≤„ÄÇËØ≠Ë®Ä: javascript, ÊûÑÂª∫Â∑•ÂÖ∑: npm
[KnowledgeBuilder] ‚úÖ Deployment strategy: source_code
[KnowledgeBuilder] üì¶ Repository: https://github.com/vercel/next.js
[33m[WARNING] [EventDumper] Recording llm event cost: {'prompt_cost': 0.00039614999999999995, 'completion_cost': 0.00047819999999999997, 'total_cost': 0.0008743499999999999, 'tcpm': 874.3499999999999} for gpt-4o-mini-2024-07-18... 0 -> 874.3499999999999[0m
[33m[WARNING] [KnowledgeBuilder] ================= {}[0m
[KnowledgeBuilder] ‚úÖ Deployment strategy appended to cve_knowledge
[PreReqBuilder] No dir_tree available, using smart inference
[PreReqBuilder] Inferred prerequisites: Web application vulnerability in v11.1.4.
This is a web-based CVE that requires deploying a web appl...
[WebAppDeployer] Deploying web application...
[WebAppDeployer] Software version: v11.1.4

[WebAppDeployer] üîç Checking Vulhub/Vulfocus for pre-built environment...
[Vulhub] Loaded index with 265 CVEs
[VulnEnvManager] ‚úÖ Found CVE-2025-29927 in Vulhub
[WebAppDeployer] ‚ú® Found pre-built environment in Vulhub!
[WebAppDeployer] üì¶ Deploying from Vulhub...

[VulnEnvManager] ‚úÖ Found CVE-2025-29927 in Vulhub

============================================================
üéØ Using Vulhub for CVE-2025-29927
============================================================

[Vulhub] üöÄ Deploying CVE-2025-29927 from next.js/CVE-2025-29927
[Vulhub] üì¶ Pulling Docker images...
[Vulhub] ‚ö†Ô∏è docker-compose pull failed (credentials error), trying docker pull...
[Vulhub] üì• Pulling vulhub/nextjs:15.2.2...
[Vulhub] üîß Starting containers...
[Vulhub] üîó Connected containers to bridge network
[Vulhub] üîó Container IP in bridge network: 172.17.0.3
[Vulhub] ‚úÖ Environment deployed successfully!
[Vulhub] üåê Service available at: http://host.docker.internal:3000

[WebAppDeployer] üéâ Pre-built environment deployed successfully!
   Source: Vulhub
   Method: docker-compose
[WebAppDeployer] üåê Target URL: http://host.docker.internal:3000
[HealthCheck] Checking service on host.docker.internal:3000
[HealthCheck] HTTP 307 -> Healthy: True
[Browser] ‚úÖ Using deployed URL from build_result: http://host.docker.internal:3000
‚è≥ Waiting for service at http://host.docker.internal:3000 (timeout: 60s)...
‚úÖ Service ready! HTTP 307 after 0.0s
[Browser] Configuring browser environment: selenium
[Browser] Target URL: http://host.docker.internal:3000
[Browser] Environment ready
[PlaywrightExploiter] ‚úÖ Using target_url from browser_config: http://host.docker.internal:3000
[PlaywrightExploiter] üéØ Exploiting http://host.docker.internal:3000
[PlaywrightExploiter] üìã CVE Knowledge: # CVE Report for CVE-2025-29927

## Summary
CVE-2025-29927 is a critical vulnerability identified in Next.js, a popular React framework for building full-stack web applications. The vulnerability fall...
[PlaywrightExploiter] Normal request to /: HTTP 307
[PlaywrightExploiter] Bypass request to /: HTTP 200
[PlaywrightExploiter] üéâ Exploit successful! Authorization bypass confirmed.
[PlaywrightVerifier] ‚úÖ Verification PASSED
[DEBUG] Condition evaluation error: 'success'

============================================================
ERROR: Step verify-web execution failed: Step verify-web failed success condition: verification_result.success == True
Traceback (most recent call last):
  File "/workspaces/submission/src/planner/executor.py", line 124, in _execute_step
    raise StepExecutionError(f"Step {step.id} failed success condition: {step.success_condition}")
planner.executor.StepExecutionError: Step verify-web failed success condition: verification_result.success == True

The above exception was the direct cause of the following exception:

Traceback (most recent call last):
  File "/workspaces/submission/src/main.py", line 1108, in <module>
    success = executor.execute()
  File "/workspaces/submission/src/planner/executor.py", line 45, in execute
    self._execute_step(step)
  File "/workspaces/submission/src/planner/executor.py", line 131, in _execute_step
    raise StepExecutionError(f"Step {step.id} execution failed: {exc}") from exc
planner.executor.StepExecutionError: Step verify-web execution failed: Step verify-web failed success condition: verification_result.success == True
============================================================
